[04Jul2025 00:00:02.210] [Server thread/INFO] [net.minecraft.server.MinecraftServer/]: lucyyxd was slain by Nightmare Stalker
[04Jul2025 00:00:02.245] [Server thread/INFO] [tombstone/]: The player lucyyxd has successfully been saved
[04Jul2025 00:00:08.066] [Server thread/INFO] [net.minecraft.server.MinecraftServer/]: pablito was slain by Nightmare Stalker
[04Jul2025 00:00:08.087] [Server thread/INFO] [tombstone/]: The player pablito has successfully been saved
[04Jul2025 00:00:15.253] [Server thread/INFO] [net.minecraft.server.MinecraftServer/]: [pablito: The difficulty has been set to Peaceful]
[04Jul2025 00:00:19.525] [Server thread/INFO] [net.minecraft.server.MinecraftServer/]: [pablito: The difficulty has been set to Hard]
[04Jul2025 00:01:52.434] [Server thread/INFO] [net.minecraft.server.MinecraftServer/]: [pablito: Teleported pablito to lucyyxd]
[04Jul2025 00:01:58.777] [Server thread/INFO] [net.minecraft.server.MinecraftServer/]: [pablito: Teleported pablito to Kira_R]
[04Jul2025 00:02:16.571] [Server thread/INFO] [net.minecraft.server.MinecraftServer/]: Kira_R was shot by Skeleton
[04Jul2025 00:02:16.574] [Server thread/INFO] [tombstone/]: The player Kira_R has successfully been saved
[04Jul2025 00:02:16.735] [Server thread/INFO] [net.minecraft.server.MinecraftServer/]: [pablito: Teleported Kira_R to pablito]
[04Jul2025 00:02:20.045] [VoiceChatPacketProcessingThread/INFO] [voicechat/]: [voicechat] Player a1e322ba-8287-3004-af9f-a79b19c392c6 timed out
[04Jul2025 00:02:20.045] [VoiceChatPacketProcessingThread/INFO] [voicechat/]: [voicechat] Reconnecting player Kira_R
[04Jul2025 00:02:20.046] [VoiceChatPacketProcessingThread/INFO] [voicechat/]: [voicechat] Sent secret to Kira_R
[04Jul2025 00:02:21.222] [Server thread/INFO] [net.minecraft.server.MinecraftServer/]: [pablito: Teleported Kira_R to pablito]
[04Jul2025 00:02:23.399] [Server thread/INFO] [net.minecraft.server.MinecraftServer/]: [pablito: Teleported Kira_R to pablito]
[04Jul2025 00:02:24.637] [Server thread/INFO] [net.minecraft.server.MinecraftServer/]: [pablito: Teleported Kira_R to pablito]
[04Jul2025 00:02:25.624] [Server thread/INFO] [net.minecraft.server.MinecraftServer/]: [pablito: Teleported Kira_R to pablito]
[04Jul2025 00:02:26.473] [Server thread/INFO] [net.minecraft.server.MinecraftServer/]: [pablito: Teleported Kira_R to pablito]
[04Jul2025 00:02:27.236] [Server thread/INFO] [net.minecraft.server.MinecraftServer/]: [pablito: Teleported Kira_R to pablito]
[04Jul2025 00:02:28.244] [Server thread/INFO] [net.minecraft.server.MinecraftServer/]: [pablito: Teleported Kira_R to pablito]
[04Jul2025 00:02:30.371] [Server thread/INFO] [net.minecraft.server.network.ServerGamePacketListenerImpl/]: Kira_R lost connection: Timed out
[04Jul2025 00:02:30.371] [Server thread/INFO] [net.minecraft.server.MinecraftServer/]: Kira_R left the game
[04Jul2025 00:02:30.371] [Server thread/INFO] [voicechat/]: [voicechat] Disconnecting client Kira_R
[04Jul2025 00:02:43.144] [VoiceChatPacketProcessingThread/INFO] [voicechat/]: [voicechat] Player b77ce13a-173f-3536-8169-0fe2ff9276ec timed out
[04Jul2025 00:02:43.144] [VoiceChatPacketProcessingThread/INFO] [voicechat/]: [voicechat] Reconnecting player funado69
[04Jul2025 00:02:43.145] [VoiceChatPacketProcessingThread/INFO] [voicechat/]: [voicechat] Sent secret to funado69
[04Jul2025 00:02:53.321] [Server thread/INFO] [net.minecraft.server.network.ServerGamePacketListenerImpl/]: funado69 lost connection: Timed out
[04Jul2025 00:02:53.321] [Server thread/INFO] [net.minecraft.server.MinecraftServer/]: funado69 left the game
[04Jul2025 00:02:53.322] [Server thread/INFO] [voicechat/]: [voicechat] Disconnecting client funado69
[04Jul2025 00:02:56.627] [Server thread/INFO] [net.minecraft.server.players.PlayerList/]: Kira_R[/127.245.156.128:49489] logged in with entity id 26485 at (775.5240933514557, 71.0, -465.39607796342847)
[04Jul2025 00:02:56.634] [Server thread/INFO] [net.minecraft.server.MinecraftServer/]: Kira_R joined the game
[04Jul2025 00:02:56.678] [Server thread/INFO] [Jade/]: Syncing config to Kira_R (a1e322ba-8287-3004-af9f-a79b19c392c6)
[04Jul2025 00:02:56.934] [Server thread/INFO] [voicechat/]: [voicechat] Received secret request of Kira_R (18)
[04Jul2025 00:02:56.934] [Server thread/INFO] [voicechat/]: [voicechat] Sent secret to Kira_R
[04Jul2025 00:02:59.074] [Server thread/INFO] [net.minecraft.server.MinecraftServer/]: [pablito: Teleported Kira_R to pablito]
[04Jul2025 00:03:02.069] [Server thread/INFO] [net.minecraft.server.MinecraftServer/]: [pablito: Teleported Kira_R to pablito]
[04Jul2025 00:03:11.919] [VoiceChatPacketProcessingThread/INFO] [voicechat/]: [voicechat] Successfully authenticated player a1e322ba-8287-3004-af9f-a79b19c392c6
[04Jul2025 00:03:12.956] [VoiceChatPacketProcessingThread/INFO] [voicechat/]: [voicechat] Successfully validated connection of player a1e322ba-8287-3004-af9f-a79b19c392c6
[04Jul2025 00:03:12.956] [VoiceChatPacketProcessingThread/INFO] [voicechat/]: [voicechat] Player Kira_R (a1e322ba-8287-3004-af9f-a79b19c392c6) successfully connected to voice chat
[04Jul2025 00:03:14.579] [Server thread/INFO] [net.minecraft.server.MinecraftServer/]: [pablito: Teleported Kira_R to pablito]
[04Jul2025 00:03:22.976] [Server thread/INFO] [net.minecraft.server.players.PlayerList/]: funado69[/127.165.220.176:35835] logged in with entity id 26704 at (782.8626570955962, 71.0, -477.79273844782506)
[04Jul2025 00:03:22.989] [Server thread/INFO] [net.minecraft.server.MinecraftServer/]: funado69 joined the game
[04Jul2025 00:03:23.044] [Server thread/INFO] [Jade/]: Syncing config to funado69 (b77ce13a-173f-3536-8169-0fe2ff9276ec)
[04Jul2025 00:03:23.234] [Server thread/INFO] [voicechat/]: [voicechat] Received secret request of funado69 (18)
[04Jul2025 00:03:23.235] [Server thread/INFO] [voicechat/]: [voicechat] Sent secret to funado69
[04Jul2025 00:03:28.617] [VoiceChatPacketProcessingThread/INFO] [voicechat/]: [voicechat] Successfully authenticated player b77ce13a-173f-3536-8169-0fe2ff9276ec
[04Jul2025 00:03:29.619] [VoiceChatPacketProcessingThread/INFO] [voicechat/]: [voicechat] Successfully validated connection of player b77ce13a-173f-3536-8169-0fe2ff9276ec
[04Jul2025 00:03:29.619] [VoiceChatPacketProcessingThread/INFO] [voicechat/]: [voicechat] Player funado69 (b77ce13a-173f-3536-8169-0fe2ff9276ec) successfully connected to voice chat
[04Jul2025 00:04:43.273] [Server thread/INFO] [net.minecraft.server.network.ServerGamePacketListenerImpl/]: lucyyxd lost connection: Disconnected
[04Jul2025 00:04:43.273] [Server thread/INFO] [net.minecraft.server.MinecraftServer/]: lucyyxd left the game
[04Jul2025 00:04:43.274] [Server thread/INFO] [voicechat/]: [voicechat] Disconnecting client lucyyxd
[04Jul2025 00:05:14.177] [Server thread/INFO] [net.minecraft.server.players.PlayerList/]: lucyyxd[/127.191.244.134:36985] logged in with entity id 27149 at (781.3000000119209, 75.0, -478.1271575571059)
[04Jul2025 00:05:14.185] [Server thread/INFO] [net.minecraft.server.MinecraftServer/]: lucyyxd joined the game
[04Jul2025 00:05:14.230] [Server thread/INFO] [Jade/]: Syncing config to lucyyxd (a40c50c1-88ca-3a3e-9120-b3faba79f2ce)
[04Jul2025 00:05:14.654] [Server thread/INFO] [voicechat/]: [voicechat] Received secret request of lucyyxd (18)
[04Jul2025 00:05:14.654] [Server thread/INFO] [voicechat/]: [voicechat] Sent secret to lucyyxd
[04Jul2025 00:05:21.653] [VoiceChatPacketProcessingThread/INFO] [voicechat/]: [voicechat] Successfully authenticated player a40c50c1-88ca-3a3e-9120-b3faba79f2ce
[04Jul2025 00:05:22.655] [VoiceChatPacketProcessingThread/INFO] [voicechat/]: [voicechat] Successfully validated connection of player a40c50c1-88ca-3a3e-9120-b3faba79f2ce
[04Jul2025 00:05:22.656] [VoiceChatPacketProcessingThread/INFO] [voicechat/]: [voicechat] Player lucyyxd (a40c50c1-88ca-3a3e-9120-b3faba79f2ce) successfully connected to voice chat
[04Jul2025 00:05:23.519] [Server thread/INFO] [net.minecraft.server.network.ServerGamePacketListenerImpl/]: pablito lost connection: Disconnected
[04Jul2025 00:05:23.519] [Server thread/INFO] [net.minecraft.server.MinecraftServer/]: pablito left the game
[04Jul2025 00:05:23.519] [Server thread/INFO] [voicechat/]: [voicechat] Disconnecting client pablito
[04Jul2025 00:08:28.306] [Server thread/INFO] [net.minecraft.server.MinecraftServer/]: funado69 hit the ground too hard whilst trying to escape Kira_R
[04Jul2025 00:08:28.601] [Server thread/INFO] [tombstone/]: The player funado69 has successfully been saved
[04Jul2025 00:08:33.915] [VoiceChatPacketProcessingThread/INFO] [voicechat/]: [voicechat] Player a40c50c1-88ca-3a3e-9120-b3faba79f2ce timed out
[04Jul2025 00:08:33.915] [VoiceChatPacketProcessingThread/INFO] [voicechat/]: [voicechat] Reconnecting player lucyyxd
[04Jul2025 00:08:33.915] [VoiceChatPacketProcessingThread/INFO] [voicechat/]: [voicechat] Sent secret to lucyyxd
[04Jul2025 00:08:41.179] [Server thread/WARN] [net.minecraft.server.network.ServerGamePacketListenerImpl/]: lucyyxd moved too quickly! -8.85056780997661,0.0,4.746830787468241
[04Jul2025 00:08:44.569] [Server thread/INFO] [net.minecraft.server.network.ServerGamePacketListenerImpl/]: lucyyxd lost connection: Timed out
[04Jul2025 00:08:44.569] [Server thread/INFO] [net.minecraft.server.MinecraftServer/]: lucyyxd left the game
[04Jul2025 00:08:44.570] [Server thread/INFO] [voicechat/]: [voicechat] Disconnecting client lucyyxd
[04Jul2025 00:10:22.575] [Server thread/INFO] [net.minecraft.server.players.PlayerList/]: Benjamon[/127.43.53.134:44333] logged in with entity id 28219 at (181.5, 67.0, -102.5)
[04Jul2025 00:10:22.583] [Server thread/INFO] [net.minecraft.server.MinecraftServer/]: Benjamon joined the game
[04Jul2025 00:10:22.610] [Server thread/INFO] [net.minecraft.server.MinecraftServer/]: Benjamon has made the advancement [Nether's Exoticism]
[04Jul2025 00:10:22.614] [Server thread/INFO] [Jade/]: Syncing config to Benjamon (58e2a768-1f06-341f-9788-fc90ad8d79db)
[04Jul2025 00:10:23.791] [Server thread/INFO] [voicechat/]: [voicechat] Received secret request of Benjamon (18)
[04Jul2025 00:10:23.791] [Server thread/INFO] [voicechat/]: [voicechat] Sent secret to Benjamon
[04Jul2025 00:10:28.073] [VoiceChatPacketProcessingThread/INFO] [voicechat/]: [voicechat] Successfully authenticated player 58e2a768-1f06-341f-9788-fc90ad8d79db
[04Jul2025 00:10:29.076] [VoiceChatPacketProcessingThread/INFO] [voicechat/]: [voicechat] Successfully validated connection of player 58e2a768-1f06-341f-9788-fc90ad8d79db
[04Jul2025 00:10:29.076] [VoiceChatPacketProcessingThread/INFO] [voicechat/]: [voicechat] Player Benjamon (58e2a768-1f06-341f-9788-fc90ad8d79db) successfully connected to voice chat
[04Jul2025 00:10:49.325] [Server thread/INFO] [net.minecraft.server.network.ServerGamePacketListenerImpl/]: Benjamon lost connection: Disconnected
[04Jul2025 00:10:49.325] [Server thread/INFO] [net.minecraft.server.MinecraftServer/]: Benjamon left the game
[04Jul2025 00:10:49.325] [Server thread/INFO] [voicechat/]: [voicechat] Disconnecting client Benjamon
[04Jul2025 00:11:16.475] [Server thread/INFO] [net.minecraft.server.players.PlayerList/]: lucyyxd[/127.191.244.134:35563] logged in with entity id 28546 at (776.36460399419, 71.0, -450.305306183486)
[04Jul2025 00:11:16.484] [Server thread/INFO] [net.minecraft.server.MinecraftServer/]: lucyyxd joined the game
[04Jul2025 00:11:16.539] [Server thread/INFO] [Jade/]: Syncing config to lucyyxd (a40c50c1-88ca-3a3e-9120-b3faba79f2ce)
[04Jul2025 00:11:17.032] [Server thread/INFO] [voicechat/]: [voicechat] Received secret request of lucyyxd (18)
[04Jul2025 00:11:17.032] [Server thread/INFO] [voicechat/]: [voicechat] Sent secret to lucyyxd
[04Jul2025 00:11:28.484] [VoiceChatPacketProcessingThread/INFO] [voicechat/]: [voicechat] Successfully authenticated player a40c50c1-88ca-3a3e-9120-b3faba79f2ce
[04Jul2025 00:11:29.487] [VoiceChatPacketProcessingThread/INFO] [voicechat/]: [voicechat] Successfully validated connection of player a40c50c1-88ca-3a3e-9120-b3faba79f2ce
[04Jul2025 00:11:29.488] [VoiceChatPacketProcessingThread/INFO] [voicechat/]: [voicechat] Player lucyyxd (a40c50c1-88ca-3a3e-9120-b3faba79f2ce) successfully connected to voice chat
[04Jul2025 00:11:54.617] [Server thread/INFO] [net.minecraft.server.network.ServerLoginPacketListenerImpl/]: com.mojang.authlib.GameProfile@22e29c26[id=<null>,name=Benjamon,properties={},legacy=false] (/127.43.53.134:54195) lost connection: Disconnected
[04Jul2025 00:12:36.867] [Server thread/INFO] [net.minecraft.server.network.ServerLoginPacketListenerImpl/]: com.mojang.authlib.GameProfile@686e420c[id=<null>,name=Benjamon,properties={},legacy=false] (/127.43.53.134:51029) lost connection: Disconnected
[04Jul2025 00:13:27.171] [Server thread/INFO] [net.minecraft.server.network.ServerLoginPacketListenerImpl/]: com.mojang.authlib.GameProfile@15fa520f[id=<null>,name=Benjamon,properties={},legacy=false] (/127.43.53.134:39989) lost connection: Disconnected
[04Jul2025 00:13:45.277] [Server thread/INFO] [net.minecraft.server.players.PlayerList/]: PoH159[/127.113.115.119:56393] logged in with entity id 28919 at (182.5, 67.0, -103.5)
[04Jul2025 00:13:45.286] [Server thread/INFO] [net.minecraft.server.MinecraftServer/]: PoH159 joined the game
[04Jul2025 00:13:45.325] [Server thread/INFO] [net.minecraft.server.MinecraftServer/]: PoH159 has made the advancement [Nether's Exoticism]
[04Jul2025 00:13:45.328] [Server thread/INFO] [Jade/]: Syncing config to PoH159 (7b6320b1-8f4a-3f39-9fed-25511a7b9515)
[04Jul2025 00:13:47.298] [Server thread/INFO] [voicechat/]: [voicechat] Received secret request of PoH159 (18)
[04Jul2025 00:13:47.298] [Server thread/INFO] [voicechat/]: [voicechat] Sent secret to PoH159
[04Jul2025 00:13:52.540] [VoiceChatPacketProcessingThread/INFO] [voicechat/]: [voicechat] Successfully authenticated player 7b6320b1-8f4a-3f39-9fed-25511a7b9515
[04Jul2025 00:13:53.542] [VoiceChatPacketProcessingThread/INFO] [voicechat/]: [voicechat] Successfully validated connection of player 7b6320b1-8f4a-3f39-9fed-25511a7b9515
[04Jul2025 00:13:53.542] [VoiceChatPacketProcessingThread/INFO] [voicechat/]: [voicechat] Player PoH159 (7b6320b1-8f4a-3f39-9fed-25511a7b9515) successfully connected to voice chat
[04Jul2025 00:13:54.380] [Server thread/INFO] [net.minecraft.server.network.ServerGamePacketListenerImpl/]: lucyyxd lost connection: Disconnected
[04Jul2025 00:13:54.380] [Server thread/INFO] [net.minecraft.server.MinecraftServer/]: lucyyxd left the game
[04Jul2025 00:13:54.380] [Server thread/INFO] [voicechat/]: [voicechat] Disconnecting client lucyyxd
[04Jul2025 00:14:10.179] [Server thread/INFO] [net.minecraft.server.MinecraftServer/]: PoH159 has made the advancement [Alex's Mobs]
[04Jul2025 00:14:19.276] [Server thread/INFO] [net.minecraft.server.network.ServerLoginPacketListenerImpl/]: com.mojang.authlib.GameProfile@508eae8c[id=<null>,name=Benjamon,properties={},legacy=false] (/127.43.53.134:35691) lost connection: Disconnected
[04Jul2025 00:14:21.652] [Server thread/WARN] [net.minecraft.server.level.ServerPlayerGameMode/]: Mismatch in destroy block pos: BlockPos{x=0, y=0, z=0} BlockPos{x=182, y=66, z=-106}
